1001*1001=1002001 1001*1002=:=) 1001*1003=1004003
1002*1001=:=) 1002*1002=1004004 1002*1003=1005006
1003*1001=1004003 1003*1002=1005006 1003*1003=1006009
