__init__: (4,), {}
__init__: (2, 6), {}
__str__: (), {}
14
__str__: (), {}
8
