[-123, -6, 0, 0, 2, 2, 5, 12, 17, 23, 34, 45, 45, 87, 90, 97]
