[-90, 1, 2, 3, 4, 4, 5, 6, 21, 21, 24, 45, 76, 77, 88, 888]
