[1] 2  2  [2, 3]  [2, 3] (1,) [2, 3] (1,) None (1,) None nlkjlj None nlkjlj nlkjlj
