[1] 2 None nlkjlj 2 None nlkjlj None nlkjlj nlkjlj
