#########
#.......#
#~~~~~~~#
#~~~~~~~#
#~~~~~~~#
#########
.......              7/28
~~~~~~~~~~~~~~~~~~~~ 21/28
