[-10, -10, -10, -9, -9, -8, -8, -7, -5, -4, -1, 0, 1, 1, 2, 2, 8, 18, 23, 25, 26, 26, 27, 29, 31, 32, 33, 38, 39, 40, 41, 43, 46, 46, 49, 50, 52, 54, 54, 55, 56, 56, 58, 59, 60, 64, 66, 69, 71, 71, 71, 73, 76, 77, 81, 83, 84, 88, 88, 90, 92, 94, 96, 98, 99]
