[-8, -7, -7, -2, -2, 0, 1, 3, 4, 4, 5, 15, 15, 18, 18, 19, 21, 23, 26, 26, 26, 27, 27, 32, 33, 33, 35, 35, 40, 41, 41, 44, 46, 49, 53, 53, 54, 56, 56, 58, 58, 59, 59, 62, 64, 67, 68, 71, 77, 79, 79, 80, 83, 84, 86, 89, 92, 92, 95, 95, 97, 99, 100]
