[-10, -10, -8, -7, -4, -1, 3, 3, 9, 11, 11, 12, 15, 18, 27, 28, 28, 28, 28, 29, 30, 31, 38, 40, 40, 44, 48, 49, 50, 54, 55, 63, 64, 64, 66, 66, 68, 68, 72, 78, 78, 78, 80, 82, 83, 83, 91, 92]
